// Jest Snapshot v1, https://goo.gl/fbAQLP

exports[`Pruebas en FirstApp.jsx debe hacer match con el snapshot 1`] = `
<div>
  <h1
    data-testid="test-title"
  >
    Hola, soy Naruto!
  </h1>
  <h3>
    No hay subtitulo
  </h3>
  <h3>
    No hay subtitulo
  </h3>
  <p>
    eliud
  </p>
</div>
`;
